Command line invocation:
    /Applications/Xcode.app/Contents/Developer/usr/bin/xcodebuild -project Project1.xcodeproj -scheme Project1 -destination "platform=iOS Simulator,name=iPhone 17" -derivedDataPath ./DerivedData clean build CODE_SIGNING_ALLOWED=NO CODE_SIGNING_REQUIRED=NO

Build settings from command line:
    CODE_SIGNING_ALLOWED = NO
    CODE_SIGNING_REQUIRED = NO

CreateBuildRequest

SendProjectDescription

CreateBuildOperation

** CLEAN SUCCEEDED **

ComputePackagePrebuildTargetDependencyGraph

Prepare packages

CreateBuildRequest

SendProjectDescription

CreateBuildOperation

ComputeTargetDependencyGraph
note: Building targets in dependency order
note: Target dependency graph (1 target)
    Target 'Project1' in project 'Project1' (no dependencies)

GatherProvisioningInputs

CreateBuildDescription

ExecuteExternalTool /Applications/Xcode.app/Contents/Developer/Toolchains/XcodeDefault.xctoolchain/usr/bin/clang -v -E -dM -isysroot /Applications/Xcode.app/Contents/Developer/Platforms/iPhoneSimulator.platform/Developer/SDKs/iPhoneSimulator26.5.sdk -x c -c /dev/null

ExecuteExternalTool /Applications/Xcode.app/Contents/Developer/usr/bin/ibtool --version --output-format xml1

ExecuteExternalTool /Applications/Xcode.app/Contents/Developer/usr/bin/actool --print-asset-tag-combinations --output-format xml1 /Applications/Setapp/Project1/Project1/Assets.xcassets

ExecuteExternalTool /Applications/Xcode.app/Contents/Developer/usr/bin/actool --version --output-format xml1

ExecuteExternalTool /Applications/Xcode.app/Contents/Developer/Toolchains/XcodeDefault.xctoolchain/usr/bin/swiftc --version

ExecuteExternalTool /Applications/Xcode.app/Contents/Developer/Toolchains/XcodeDefault.xctoolchain/usr/bin/ld -version_details

Build description signature: 013a1a9a3b06937a16752072adc04f1d
Build description path: /Applications/Setapp/Project1/DerivedData/Build/Intermediates.noindex/XCBuildData/013a1a9a3b06937a16752072adc04f1d.xcbuilddata
ClangStatCache /Applications/Xcode.app/Contents/Developer/Toolchains/XcodeDefault.xctoolchain/usr/bin/clang-stat-cache /Applications/Xcode.app/Contents/Developer/Platforms/iPhoneSimulator.platform/Developer/SDKs/iPhoneSimulator26.5.sdk /Applications/Setapp/Project1/DerivedData/SDKStatCaches.noindex/iphonesimulator26.5-23F81a-6cfe768891a92b912361537c460fe42b.sdkstatcache
    cd /Applications/Setapp/Project1/Project1.xcodeproj
    /Applications/Xcode.app/Contents/Developer/Toolchains/XcodeDefault.xctoolchain/usr/bin/clang-stat-cache /Applications/Xcode.app/Contents/Developer/Platforms/iPhoneSimulator.platform/Developer/SDKs/iPhoneSimulator26.5.sdk -o /Applications/Setapp/Project1/DerivedData/SDKStatCaches.noindex/iphonesimulator26.5-23F81a-6cfe768891a92b912361537c460fe42b.sdkstatcache

CreateBuildDirectory /Applications/Setapp/Project1/DerivedData/Build/Intermediates.noindex
    cd /Applications/Setapp/Project1/Project1.xcodeproj
    builtin-create-build-directory /Applications/Setapp/Project1/DerivedData/Build/Intermediates.noindex

CreateBuildDirectory /Applications/Setapp/Project1/DerivedData/Build/Products
    cd /Applications/Setapp/Project1/Project1.xcodeproj
    builtin-create-build-directory /Applications/Setapp/Project1/DerivedData/Build/Products

CreateBuildDirectory /Applications/Setapp/Project1/DerivedData/Build/Intermediates.noindex/SwiftExplicitPrecompiledModules
    cd /Applications/Setapp/Project1/Project1.xcodeproj
    builtin-create-build-directory /Applications/Setapp/Project1/DerivedData/Build/Intermediates.noindex/SwiftExplicitPrecompiledModules

CreateBuildDirectory /Applications/Setapp/Project1/DerivedData/Build/Intermediates.noindex/ExplicitPrecompiledModules
    cd /Applications/Setapp/Project1/Project1.xcodeproj
    builtin-create-build-directory /Applications/Setapp/Project1/DerivedData/Build/Intermediates.noindex/ExplicitPrecompiledModules

CreateBuildDirectory /Applications/Setapp/Project1/DerivedData/Build/Intermediates.noindex/EagerLinkingTBDs/Debug-iphonesimulator
    cd /Applications/Setapp/Project1/Project1.xcodeproj
    builtin-create-build-directory /Applications/Setapp/Project1/DerivedData/Build/Intermediates.noindex/EagerLinkingTBDs/Debug-iphonesimulator

WriteAuxiliaryFile /Applications/Setapp/Project1/DerivedData/Build/Intermediates.noindex/Project1.build/Debug-iphonesimulator/Project1-7cacdc8ff265465b91f3dce23ba0ef40-VFS-iphonesimulator/all-product-headers.yaml
    cd /Applications/Setapp/Project1/Project1.xcodeproj
    write-file /Applications/Setapp/Project1/DerivedData/Build/Intermediates.noindex/Project1.build/Debug-iphonesimulator/Project1-7cacdc8ff265465b91f3dce23ba0ef40-VFS-iphonesimulator/all-product-headers.yaml

CreateBuildDirectory /Applications/Setapp/Project1/DerivedData/Build/Products/Debug-iphonesimulator
    cd /Applications/Setapp/Project1/Project1.xcodeproj
    builtin-create-build-directory /Applications/Setapp/Project1/DerivedData/Build/Products/Debug-iphonesimulator

WriteAuxiliaryFile /Applications/Setapp/Project1/DerivedData/Build/Intermediates.noindex/Project1.build/Debug-iphonesimulator/Project1.build/Project1-own-target-headers.hmap (in target 'Project1' from project 'Project1')
    cd /Applications/Setapp/Project1
    write-file /Applications/Setapp/Project1/DerivedData/Build/Intermediates.noindex/Project1.build/Debug-iphonesimulator/Project1.build/Project1-own-target-headers.hmap

WriteAuxiliaryFile /Applications/Setapp/Project1/DerivedData/Build/Intermediates.noindex/Project1.build/Debug-iphonesimulator/Project1.build/Project1-project-headers.hmap (in target 'Project1' from project 'Project1')
    cd /Applications/Setapp/Project1
    write-file /Applications/Setapp/Project1/DerivedData/Build/Intermediates.noindex/Project1.build/Debug-iphonesimulator/Project1.build/Project1-project-headers.hmap

WriteAuxiliaryFile /Applications/Setapp/Project1/DerivedData/Build/Intermediates.noindex/Project1.build/Debug-iphonesimulator/Project1.build/Project1.DependencyMetadataFileList (in target 'Project1' from project 'Project1')
    cd /Applications/Setapp/Project1
    write-file /Applications/Setapp/Project1/DerivedData/Build/Intermediates.noindex/Project1.build/Debug-iphonesimulator/Project1.build/Project1.DependencyMetadataFileList

WriteAuxiliaryFile /Applications/Setapp/Project1/DerivedData/Build/Intermediates.noindex/Project1.build/Debug-iphonesimulator/Project1.build/Project1-generated-files.hmap (in target 'Project1' from project 'Project1')
    cd /Applications/Setapp/Project1
    write-file /Applications/Setapp/Project1/DerivedData/Build/Intermediates.noindex/Project1.build/Debug-iphonesimulator/Project1.build/Project1-generated-files.hmap

WriteAuxiliaryFile /Applications/Setapp/Project1/DerivedData/Build/Intermediates.noindex/Project1.build/Debug-iphonesimulator/Project1.build/Project1.hmap (in target 'Project1' from project 'Project1')
    cd /Applications/Setapp/Project1
    write-file /Applications/Setapp/Project1/DerivedData/Build/Intermediates.noindex/Project1.build/Debug-iphonesimulator/Project1.build/Project1.hmap

WriteAuxiliaryFile /Applications/Setapp/Project1/DerivedData/Build/Intermediates.noindex/Project1.build/Debug-iphonesimulator/Project1.build/Project1-all-target-headers.hmap (in target 'Project1' from project 'Project1')
    cd /Applications/Setapp/Project1
    write-file /Applications/Setapp/Project1/DerivedData/Build/Intermediates.noindex/Project1.build/Debug-iphonesimulator/Project1.build/Project1-all-target-headers.hmap

WriteAuxiliaryFile /Applications/Setapp/Project1/DerivedData/Build/Intermediates.noindex/Project1.build/Debug-iphonesimulator/Project1.build/Project1.DependencyStaticMetadataFileList (in target 'Project1' from project 'Project1')
    cd /Applications/Setapp/Project1
    write-file /Applications/Setapp/Project1/DerivedData/Build/Intermediates.noindex/Project1.build/Debug-iphonesimulator/Project1.build/Project1.DependencyStaticMetadataFileList

WriteAuxiliaryFile /Applications/Setapp/Project1/DerivedData/Build/Intermediates.noindex/Project1.build/Debug-iphonesimulator/Project1.build/Project1-all-non-framework-target-headers.hmap (in target 'Project1' from project 'Project1')
    cd /Applications/Setapp/Project1
    write-file /Applications/Setapp/Project1/DerivedData/Build/Intermediates.noindex/Project1.build/Debug-iphonesimulator/Project1.build/Project1-all-non-framework-target-headers.hmap

WriteAuxiliaryFile /Applications/Setapp/Project1/DerivedData/Build/Intermediates.noindex/Project1.build/Debug-iphonesimulator/Project1.build/Project1-DebugDylibPath-normal-arm64.txt (in target 'Project1' from project 'Project1')
    cd /Applications/Setapp/Project1
    write-file /Applications/Setapp/Project1/DerivedData/Build/Intermediates.noindex/Project1.build/Debug-iphonesimulator/Project1.build/Project1-DebugDylibPath-normal-arm64.txt

WriteAuxiliaryFile /Applications/Setapp/Project1/DerivedData/Build/Intermediates.noindex/Project1.build/Debug-iphonesimulator/Project1.build/Project1-DebugDylibInstallName-normal-arm64.txt (in target 'Project1' from project 'Project1')
    cd /Applications/Setapp/Project1
    write-file /Applications/Setapp/Project1/DerivedData/Build/Intermediates.noindex/Project1.build/Debug-iphonesimulator/Project1.build/Project1-DebugDylibInstallName-normal-arm64.txt

WriteAuxiliaryFile /Applications/Setapp/Project1/DerivedData/Build/Intermediates.noindex/Project1.build/Debug-iphonesimulator/Project1.build/Objects-normal/arm64/Project1.SwiftFileList (in target 'Project1' from project 'Project1')
    cd /Applications/Setapp/Project1
    write-file /Applications/Setapp/Project1/DerivedData/Build/Intermediates.noindex/Project1.build/Debug-iphonesimulator/Project1.build/Objects-normal/arm64/Project1.SwiftFileList

WriteAuxiliaryFile /Applications/Setapp/Project1/DerivedData/Build/Intermediates.noindex/Project1.build/Debug-iphonesimulator/Project1.build/Objects-normal/arm64/Project1.SwiftConstValuesFileList (in target 'Project1' from project 'Project1')
    cd /Applications/Setapp/Project1
    write-file /Applications/Setapp/Project1/DerivedData/Build/Intermediates.noindex/Project1.build/Debug-iphonesimulator/Project1.build/Objects-normal/arm64/Project1.SwiftConstValuesFileList

WriteAuxiliaryFile /Applications/Setapp/Project1/DerivedData/Build/Intermediates.noindex/Project1.build/Debug-iphonesimulator/Project1.build/Objects-normal/arm64/Project1_const_extract_protocols.json (in target 'Project1' from project 'Project1')
    cd /Applications/Setapp/Project1
    write-file /Applications/Setapp/Project1/DerivedData/Build/Intermediates.noindex/Project1.build/Debug-iphonesimulator/Project1.build/Objects-normal/arm64/Project1_const_extract_protocols.json

WriteAuxiliaryFile /Applications/Setapp/Project1/DerivedData/Build/Intermediates.noindex/Project1.build/Debug-iphonesimulator/Project1.build/Objects-normal/arm64/Project1.LinkFileList (in target 'Project1' from project 'Project1')
    cd /Applications/Setapp/Project1
    write-file /Applications/Setapp/Project1/DerivedData/Build/Intermediates.noindex/Project1.build/Debug-iphonesimulator/Project1.build/Objects-normal/arm64/Project1.LinkFileList

WriteAuxiliaryFile /Applications/Setapp/Project1/DerivedData/Build/Intermediates.noindex/Project1.build/Debug-iphonesimulator/Project1.build/Objects-normal/arm64/Project1-OutputFileMap.json (in target 'Project1' from project 'Project1')
    cd /Applications/Setapp/Project1
    write-file /Applications/Setapp/Project1/DerivedData/Build/Intermediates.noindex/Project1.build/Debug-iphonesimulator/Project1.build/Objects-normal/arm64/Project1-OutputFileMap.json

MkDir /Applications/Setapp/Project1/DerivedData/Build/Products/Debug-iphonesimulator/Project1.app (in target 'Project1' from project 'Project1')
    cd /Applications/Setapp/Project1
    /bin/mkdir -p /Applications/Setapp/Project1/DerivedData/Build/Products/Debug-iphonesimulator/Project1.app

Ld /Applications/Setapp/Project1/DerivedData/Build/Products/Debug-iphonesimulator/Project1.app/__preview.dylib normal (in target 'Project1' from project 'Project1')
    cd /Applications/Setapp/Project1
    /Applications/Xcode.app/Contents/Developer/Toolchains/XcodeDefault.xctoolchain/usr/bin/clang -Xlinker -reproducible -target arm64-apple-ios26.5-simulator -dynamiclib -isysroot /Applications/Xcode.app/Contents/Developer/Platforms/iPhoneSimulator.platform/Developer/SDKs/iPhoneSimulator26.5.sdk -O0 -L/Applications/Setapp/Project1/DerivedData/Build/Products/Debug-iphonesimulator -F/Applications/Setapp/Project1/DerivedData/Build/Products/Debug-iphonesimulator -install_name @rpath/Project1.debug.dylib -Xlinker -dead_strip -rdynamic -Xlinker -no_deduplicate -Xlinker -objc_abi_version -Xlinker 2 -Xlinker -dependency_info -Xlinker /Applications/Setapp/Project1/DerivedData/Build/Intermediates.noindex/Project1.build/Debug-iphonesimulator/Project1.build/Objects-normal/arm64/Project1_dependency_info.dat -o /Applications/Setapp/Project1/DerivedData/Build/Products/Debug-iphonesimulator/Project1.app/__preview.dylib

MkDir /Applications/Setapp/Project1/DerivedData/Build/Intermediates.noindex/Project1.build/Debug-iphonesimulator/Project1.build/assetcatalog_output/thinned (in target 'Project1' from project 'Project1')
    cd /Applications/Setapp/Project1
    /bin/mkdir -p /Applications/Setapp/Project1/DerivedData/Build/Intermediates.noindex/Project1.build/Debug-iphonesimulator/Project1.build/assetcatalog_output/thinned

MkDir /Applications/Setapp/Project1/DerivedData/Build/Intermediates.noindex/Project1.build/Debug-iphonesimulator/Project1.build/assetcatalog_output/unthinned (in target 'Project1' from project 'Project1')
    cd /Applications/Setapp/Project1
    /bin/mkdir -p /Applications/Setapp/Project1/DerivedData/Build/Intermediates.noindex/Project1.build/Debug-iphonesimulator/Project1.build/assetcatalog_output/unthinned

CompileStoryboard /Applications/Setapp/Project1/Project1/Base.lproj/LaunchScreen.storyboard (in target 'Project1' from project 'Project1')
    cd /Applications/Setapp/Project1
    /Applications/Xcode.app/Contents/Developer/usr/bin/ibtool --errors --warnings --notices --module Project1 --output-partial-info-plist /Applications/Setapp/Project1/DerivedData/Build/Intermediates.noindex/Project1.build/Debug-iphonesimulator/Project1.build/Base.lproj/LaunchScreen-SBPartialInfo.plist --auto-activate-custom-fonts --target-device iphone --target-device ipad --minimum-deployment-target 26.5 --output-format human-readable-text /Applications/Setapp/Project1/Project1/Base.lproj/LaunchScreen.storyboard --compilation-directory /Applications/Setapp/Project1/DerivedData/Build/Intermediates.noindex/Project1.build/Debug-iphonesimulator/Project1.build/Base.lproj

CompileStoryboard /Applications/Setapp/Project1/Project1/Base.lproj/Main.storyboard (in target 'Project1' from project 'Project1')
    cd /Applications/Setapp/Project1
    /Applications/Xcode.app/Contents/Developer/usr/bin/ibtool --errors --warnings --notices --module Project1 --output-partial-info-plist /Applications/Setapp/Project1/DerivedData/Build/Intermediates.noindex/Project1.build/Debug-iphonesimulator/Project1.build/Base.lproj/Main-SBPartialInfo.plist --auto-activate-custom-fonts --target-device iphone --target-device ipad --minimum-deployment-target 26.5 --output-format human-readable-text /Applications/Setapp/Project1/Project1/Base.lproj/Main.storyboard --compilation-directory /Applications/Setapp/Project1/DerivedData/Build/Intermediates.noindex/Project1.build/Debug-iphonesimulator/Project1.build/Base.lproj

GenerateAssetSymbols /Applications/Setapp/Project1/Project1/Assets.xcassets (in target 'Project1' from project 'Project1')
    cd /Applications/Setapp/Project1
    /Applications/Xcode.app/Contents/Developer/usr/bin/actool /Applications/Setapp/Project1/Project1/Assets.xcassets --compile /Applications/Setapp/Project1/DerivedData/Build/Products/Debug-iphonesimulator/Project1.app --output-format human-readable-text --notices --warnings --export-dependency-info /Applications/Setapp/Project1/DerivedData/Build/Intermediates.noindex/Project1.build/Debug-iphonesimulator/Project1.build/assetcatalog_dependencies --output-partial-info-plist /Applications/Setapp/Project1/DerivedData/Build/Intermediates.noindex/Project1.build/Debug-iphonesimulator/Project1.build/assetcatalog_generated_info.plist --app-icon AppIcon --accent-color AccentColor --compress-pngs --enable-on-demand-resources YES --development-region en --target-device iphone --target-device ipad --minimum-deployment-target 26.5 --platform iphonesimulator --bundle-identifier rbarl003.Project1 --generate-swift-asset-symbols /Applications/Setapp/Project1/DerivedData/Build/Intermediates.noindex/Project1.build/Debug-iphonesimulator/Project1.build/DerivedSources/GeneratedAssetSymbols.swift --generate-objc-asset-symbols /Applications/Setapp/Project1/DerivedData/Build/Intermediates.noindex/Project1.build/Debug-iphonesimulator/Project1.build/DerivedSources/GeneratedAssetSymbols.h --generate-asset-symbol-index /Applications/Setapp/Project1/DerivedData/Build/Intermediates.noindex/Project1.build/Debug-iphonesimulator/Project1.build/DerivedSources/GeneratedAssetSymbols-Index.plist
/* com.apple.actool.compilation-results */
/Applications/Setapp/Project1/DerivedData/Build/Intermediates.noindex/Project1.build/Debug-iphonesimulator/Project1.build/DerivedSources/GeneratedAssetSymbols-Index.plist
/Applications/Setapp/Project1/DerivedData/Build/Intermediates.noindex/Project1.build/Debug-iphonesimulator/Project1.build/DerivedSources/GeneratedAssetSymbols.h
/Applications/Setapp/Project1/DerivedData/Build/Intermediates.noindex/Project1.build/Debug-iphonesimulator/Project1.build/DerivedSources/GeneratedAssetSymbols.swift


CompileAssetCatalogVariant thinned /Applications/Setapp/Project1/DerivedData/Build/Products/Debug-iphonesimulator/Project1.app /Applications/Setapp/Project1/Project1/Assets.xcassets (in target 'Project1' from project 'Project1')
    cd /Applications/Setapp/Project1
    /Applications/Xcode.app/Contents/Developer/usr/bin/actool /Applications/Setapp/Project1/Project1/Assets.xcassets --compile /Applications/Setapp/Project1/DerivedData/Build/Intermediates.noindex/Project1.build/Debug-iphonesimulator/Project1.build/assetcatalog_output/thinned --output-format human-readable-text --notices --warnings --export-dependency-info /Applications/Setapp/Project1/DerivedData/Build/Intermediates.noindex/Project1.build/Debug-iphonesimulator/Project1.build/assetcatalog_dependencies_thinned --output-partial-info-plist /Applications/Setapp/Project1/DerivedData/Build/Intermediates.noindex/Project1.build/Debug-iphonesimulator/Project1.build/assetcatalog_generated_info.plist_thinned --app-icon AppIcon --accent-color AccentColor --compress-pngs --enable-on-demand-resources YES --filter-for-thinning-device-configuration iPhone18,3 --filter-for-device-os-version 26.5 --development-region en --target-device iphone --target-device ipad --minimum-deployment-target 26.5 --platform iphonesimulator
/* com.apple.actool.compilation-results */
/Applications/Setapp/Project1/DerivedData/Build/Intermediates.noindex/Project1.build/Debug-iphonesimulator/Project1.build/assetcatalog_generated_info.plist_thinned


LinkAssetCatalog /Applications/Setapp/Project1/Project1/Assets.xcassets (in target 'Project1' from project 'Project1')
    cd /Applications/Setapp/Project1
    builtin-linkAssetCatalog --thinned /Applications/Setapp/Project1/DerivedData/Build/Intermediates.noindex/Project1.build/Debug-iphonesimulator/Project1.build/assetcatalog_output/thinned --thinned-dependencies /Applications/Setapp/Project1/DerivedData/Build/Intermediates.noindex/Project1.build/Debug-iphonesimulator/Project1.build/assetcatalog_dependencies_thinned --thinned-info-plist-content /Applications/Setapp/Project1/DerivedData/Build/Intermediates.noindex/Project1.build/Debug-iphonesimulator/Project1.build/assetcatalog_generated_info.plist_thinned --unthinned /Applications/Setapp/Project1/DerivedData/Build/Intermediates.noindex/Project1.build/Debug-iphonesimulator/Project1.build/assetcatalog_output/unthinned --unthinned-dependencies /Applications/Setapp/Project1/DerivedData/Build/Intermediates.noindex/Project1.build/Debug-iphonesimulator/Project1.build/assetcatalog_dependencies_unthinned --unthinned-info-plist-content /Applications/Setapp/Project1/DerivedData/Build/Intermediates.noindex/Project1.build/Debug-iphonesimulator/Project1.build/assetcatalog_generated_info.plist_unthinned --output /Applications/Setapp/Project1/DerivedData/Build/Products/Debug-iphonesimulator/Project1.app --plist-output /Applications/Setapp/Project1/DerivedData/Build/Intermediates.noindex/Project1.build/Debug-iphonesimulator/Project1.build/assetcatalog_generated_info.plist

ProcessInfoPlistFile /Applications/Setapp/Project1/DerivedData/Build/Products/Debug-iphonesimulator/Project1.app/Info.plist /Applications/Setapp/Project1/Project1/Info.plist (in target 'Project1' from project 'Project1')
    cd /Applications/Setapp/Project1
    builtin-infoPlistUtility /Applications/Setapp/Project1/Project1/Info.plist -producttype com.apple.product-type.application -genpkginfo /Applications/Setapp/Project1/DerivedData/Build/Products/Debug-iphonesimulator/Project1.app/PkgInfo -expandbuildsettings -format binary -platform iphonesimulator -additionalcontentfile /Applications/Setapp/Project1/DerivedData/Build/Intermediates.noindex/Project1.build/Debug-iphonesimulator/Project1.build/Base.lproj/LaunchScreen-SBPartialInfo.plist -additionalcontentfile /Applications/Setapp/Project1/DerivedData/Build/Intermediates.noindex/Project1.build/Debug-iphonesimulator/Project1.build/Base.lproj/Main-SBPartialInfo.plist -additionalcontentfile /Applications/Setapp/Project1/DerivedData/Build/Intermediates.noindex/Project1.build/Debug-iphonesimulator/Project1.build/assetcatalog_generated_info.plist -o /Applications/Setapp/Project1/DerivedData/Build/Products/Debug-iphonesimulator/Project1.app/Info.plist

LinkStoryboards (in target 'Project1' from project 'Project1')
    cd /Applications/Setapp/Project1
    /Applications/Xcode.app/Contents/Developer/usr/bin/ibtool --errors --warnings --notices --module Project1 --target-device iphone --target-device ipad --minimum-deployment-target 26.5 --output-format human-readable-text --link /Applications/Setapp/Project1/DerivedData/Build/Products/Debug-iphonesimulator/Project1.app /Applications/Setapp/Project1/DerivedData/Build/Intermediates.noindex/Project1.build/Debug-iphonesimulator/Project1.build/Base.lproj/LaunchScreen.storyboardc /Applications/Setapp/Project1/DerivedData/Build/Intermediates.noindex/Project1.build/Debug-iphonesimulator/Project1.build/Base.lproj/Main.storyboardc

SwiftDriver Project1 normal arm64 com.apple.xcode.tools.swift.compiler (in target 'Project1' from project 'Project1')
    cd /Applications/Setapp/Project1
    builtin-SwiftDriver -- /Applications/Xcode.app/Contents/Developer/Toolchains/XcodeDefault.xctoolchain/usr/bin/swiftc -module-name Project1 -Onone @/Applications/Setapp/Project1/DerivedData/Build/Intermediates.noindex/Project1.build/Debug-iphonesimulator/Project1.build/Objects-normal/arm64/Project1.SwiftFileList -DDEBUG -default-isolation\=MainActor -enable-bare-slash-regex -enable-upcoming-feature DisableOutwardActorInference -enable-upcoming-feature InferSendableFromCaptures -enable-upcoming-feature GlobalActorIsolatedTypesUsability -enable-upcoming-feature MemberImportVisibility -enable-upcoming-feature InferIsolatedConformances -enable-upcoming-feature NonisolatedNonsendingByDefault -enable-experimental-feature DebugDescriptionMacro -sdk /Applications/Xcode.app/Contents/Developer/Platforms/iPhoneSimulator.platform/Developer/SDKs/iPhoneSimulator26.5.sdk -target arm64-apple-ios26.5-simulator -g -module-cache-path /Applications/Setapp/Project1/DerivedData/ModuleCache.noindex -Xfrontend -serialize-debugging-options -enable-testing -index-store-path /Applications/Setapp/Project1/DerivedData/Index.noindex/DataStore -Xcc -D_LIBCPP_HARDENING_MODE\=_LIBCPP_HARDENING_MODE_DEBUG -swift-version 5 -I /Applications/Setapp/Project1/DerivedData/Build/Products/Debug-iphonesimulator -F /Applications/Setapp/Project1/DerivedData/Build/Products/Debug-iphonesimulator -emit-localized-strings -emit-localized-strings-path /Applications/Setapp/Project1/DerivedData/Build/Intermediates.noindex/Project1.build/Debug-iphonesimulator/Project1.build/Objects-normal/arm64 -c -j8 -enable-batch-mode -incremental -Xcc -ivfsstatcache -Xcc /Applications/Setapp/Project1/DerivedData/SDKStatCaches.noindex/iphonesimulator26.5-23F81a-6cfe768891a92b912361537c460fe42b.sdkstatcache -output-file-map /Applications/Setapp/Project1/DerivedData/Build/Intermediates.noindex/Project1.build/Debug-iphonesimulator/Project1.build/Objects-normal/arm64/Project1-OutputFileMap.json -use-frontend-parseable-output -save-temps -no-color-diagnostics -explicit-module-build -module-cache-path /Applications/Setapp/Project1/DerivedData/Build/Intermediates.noindex/SwiftExplicitPrecompiledModules -clang-scanner-module-cache-path /Applications/Setapp/Project1/DerivedData/ModuleCache.noindex -sdk-module-cache-path /Applications/Setapp/Project1/DerivedData/ModuleCache.noindex -serialize-diagnostics -emit-dependencies -emit-module -emit-module-path /Applications/Setapp/Project1/DerivedData/Build/Intermediates.noindex/Project1.build/Debug-iphonesimulator/Project1.build/Objects-normal/arm64/Project1.swiftmodule -validate-clang-modules-once -clang-build-session-file /Applications/Setapp/Project1/DerivedData/ModuleCache.noindex/Session.modulevalidation -Xcc -I/Applications/Setapp/Project1/DerivedData/Build/Intermediates.noindex/Project1.build/Debug-iphonesimulator/Project1.build/swift-overrides.hmap -emit-const-values -Xfrontend -const-gather-protocols-file -Xfrontend /Applications/Setapp/Project1/DerivedData/Build/Intermediates.noindex/Project1.build/Debug-iphonesimulator/Project1.build/Objects-normal/arm64/Project1_const_extract_protocols.json -Xcc -iquote -Xcc /Applications/Setapp/Project1/DerivedData/Build/Intermediates.noindex/Project1.build/Debug-iphonesimulator/Project1.build/Project1-generated-files.hmap -Xcc -I/Applications/Setapp/Project1/DerivedData/Build/Intermediates.noindex/Project1.build/Debug-iphonesimulator/Project1.build/Project1-own-target-headers.hmap -Xcc -I/Applications/Setapp/Project1/DerivedData/Build/Intermediates.noindex/Project1.build/Debug-iphonesimulator/Project1.build/Project1-all-target-headers.hmap -Xcc -iquote -Xcc /Applications/Setapp/Project1/DerivedData/Build/Intermediates.noindex/Project1.build/Debug-iphonesimulator/Project1.build/Project1-project-headers.hmap -Xcc -I/Applications/Setapp/Project1/DerivedData/Build/Products/Debug-iphonesimulator/include -Xcc -I/Applications/Setapp/Project1/DerivedData/Build/Intermediates.noindex/Project1.build/Debug-iphonesimulator/Project1.build/DerivedSources-normal/arm64 -Xcc -I/Applications/Setapp/Project1/DerivedData/Build/Intermediates.noindex/Project1.build/Debug-iphonesimulator/Project1.build/DerivedSources/arm64 -Xcc -I/Applications/Setapp/Project1/DerivedData/Build/Intermediates.noindex/Project1.build/Debug-iphonesimulator/Project1.build/DerivedSources -Xcc -DDEBUG\=1 -emit-objc-header -emit-objc-header-path /Applications/Setapp/Project1/DerivedData/Build/Intermediates.noindex/Project1.build/Debug-iphonesimulator/Project1.build/Objects-normal/arm64/Project1-Swift.h -working-directory /Applications/Setapp/Project1 -experimental-emit-module-separately -disable-cmo

SwiftExplicitDependencyGeneratePcm arm64 /Applications/Setapp/Project1/DerivedData/ModuleCache.noindex/_Builtin_stddef-2G4PGIJBHE7MVOYOTSCOSI2SY.pcm

SwiftExplicitDependencyGeneratePcm arm64 /Applications/Setapp/Project1/DerivedData/ModuleCache.noindex/_AvailabilityInternal-AZIG7CU1H3Y8XL6QY8X676G7L.pcm

SwiftExplicitDependencyGeneratePcm arm64 /Applications/Setapp/Project1/DerivedData/ModuleCache.noindex/ptrcheck-7KQWZZTLWB3MCG3EICB9N47SF.pcm

SwiftExplicitDependencyGeneratePcm arm64 /Applications/Setapp/Project1/DerivedData/ModuleCache.noindex/DeveloperToolsSupport-1ADNZB4STT09HA6VU2EY0S18R.pcm

SwiftExplicitDependencyGeneratePcm arm64 /Applications/Setapp/Project1/DerivedData/ModuleCache.noindex/_Builtin_float-5ZAGF73QDWNB3YT3X3GF4L1S6.pcm

SwiftExplicitDependencyGeneratePcm arm64 /Applications/Setapp/Project1/DerivedData/ModuleCache.noindex/_SwiftConcurrencyShims-AS832XT1IPKXYWMYWIN1279DX.pcm

SwiftExplicitDependencyGeneratePcm arm64 /Applications/Setapp/Project1/DerivedData/ModuleCache.noindex/_Builtin_stdarg-8AUNUOTVXI92SW0WCF5QSVHZM.pcm

SwiftExplicitDependencyGeneratePcm arm64 /Applications/Setapp/Project1/DerivedData/ModuleCache.noindex/_Builtin_stdbool-8VI97K2OCRV8EM337JV1BQK2T.pcm

SwiftExplicitDependencyGeneratePcm arm64 /Applications/Setapp/Project1/DerivedData/ModuleCache.noindex/SwiftShims-7CCVPKYIEDGZW2MGDI60R8FPJ.pcm

SwiftExplicitDependencyGeneratePcm arm64 /Applications/Setapp/Project1/DerivedData/ModuleCache.noindex/ptrauth-E4VNDV5B651EYB2ZAZNVHHICC.pcm

SwiftExplicitDependencyGeneratePcm arm64 /Applications/Setapp/Project1/DerivedData/ModuleCache.noindex/_DarwinFoundation1-E1YCAFYTPRGGAU18TJMSF5XK2.pcm

SwiftExplicitDependencyGeneratePcm arm64 /Applications/Setapp/Project1/DerivedData/ModuleCache.noindex/ExtensionFoundation-3ZDJ8ZU1CHRQJTD88HW3LVO70.pcm

SwiftExplicitDependencyGeneratePcm arm64 /Applications/Setapp/Project1/DerivedData/ModuleCache.noindex/_Builtin_limits-D7GZC8FU2169W8Z33G9NKKT5R.pcm

SwiftExplicitDependencyGeneratePcm arm64 /Applications/Setapp/Project1/DerivedData/ModuleCache.noindex/_DarwinFoundation2-DFQIOP8H1WKNIU4TLF00NA4LJ.pcm

SwiftExplicitDependencyGeneratePcm arm64 /Applications/Setapp/Project1/DerivedData/ModuleCache.noindex/sys_types-20IZ17ONDWS3ZZ5IL66NQW4NH.pcm

SwiftExplicitDependencyGeneratePcm arm64 /Applications/Setapp/Project1/DerivedData/ModuleCache.noindex/_Builtin_tgmath-4TY1RH69RTQ5RENXBNYB3YO3J.pcm

SwiftExplicitDependencyGeneratePcm arm64 /Applications/Setapp/Project1/DerivedData/ModuleCache.noindex/_Builtin_stdint-D6MYBRZY7NGFRNK8369T7IWQI.pcm

SwiftExplicitDependencyGeneratePcm arm64 /Applications/Setapp/Project1/DerivedData/ModuleCache.noindex/_DarwinFoundation3-WC6YJRTZ5CWWEDRDM2AE2A2R.pcm

SwiftExplicitDependencyGeneratePcm arm64 /Applications/Setapp/Project1/DerivedData/ModuleCache.noindex/_Builtin_stdatomic-DQZPL5FIS4FIE5SOD93ZR20JO.pcm

SwiftExplicitDependencyGeneratePcm arm64 /Applications/Setapp/Project1/DerivedData/ModuleCache.noindex/_Builtin_intrinsics-CXRTA6EWTQ3UN2KUL4BEIZACK.pcm

SwiftExplicitDependencyGeneratePcm arm64 /Applications/Setapp/Project1/DerivedData/ModuleCache.noindex/_Builtin_inttypes-8U7QCSE6MS15R84I61AHQLMG0.pcm

SwiftExplicitDependencyGeneratePcm arm64 /Applications/Setapp/Project1/DerivedData/ModuleCache.noindex/Darwin-81Q4BOND0C5478NDMQL1527CI.pcm

SwiftExplicitDependencyGeneratePcm arm64 /Applications/Setapp/Project1/DerivedData/ModuleCache.noindex/simd-8O2ZQ5CIW9B7DZ8N4K03HWX85.pcm

SwiftExplicitDependencyGeneratePcm arm64 /Applications/Setapp/Project1/DerivedData/ModuleCache.noindex/ObjectiveC-7MS2TUVWJ3EOD4KWJB8741TMS.pcm

SwiftExplicitDependencyGeneratePcm arm64 /Applications/Setapp/Project1/DerivedData/ModuleCache.noindex/MachO-4MNLCZAIWJYYK8Q3H7IAXVQOU.pcm

SwiftExplicitDependencyGeneratePcm arm64 /Applications/Setapp/Project1/DerivedData/ModuleCache.noindex/os_object-2I6C2HVJAPGBOAKYCCQXIRJHC.pcm

SwiftExplicitDependencyGeneratePcm arm64 /Applications/Setapp/Project1/DerivedData/ModuleCache.noindex/os_workgroup-79L241TJG8AUTI2W1KWVRDB3U.pcm

SwiftExplicitDependencyGeneratePcm arm64 /Applications/Setapp/Project1/DerivedData/ModuleCache.noindex/Spatial-5CJPO6PJMD23DVF5RS4R8ONRY.pcm

SwiftExplicitDependencyGeneratePcm arm64 /Applications/Setapp/Project1/DerivedData/ModuleCache.noindex/Dispatch-BIYGOSVZMS4D5SAC8VENI8L3K.pcm

SwiftExplicitDependencyGeneratePcm arm64 /Applications/Setapp/Project1/DerivedData/ModuleCache.noindex/XPC-EON798XDFCPHKLCCPNDEALVHG.pcm

SwiftExplicitDependencyGeneratePcm arm64 /Applications/Setapp/Project1/DerivedData/ModuleCache.noindex/CoreFoundation-AROGX15HETQQ321P6S0JKWRNR.pcm

SwiftExplicitDependencyGeneratePcm arm64 /Applications/Setapp/Project1/DerivedData/ModuleCache.noindex/dnssd-60OR2MRUCNE85KYH8ZPM68GMP.pcm

SwiftExplicitDependencyGeneratePcm arm64 /Applications/Setapp/Project1/DerivedData/ModuleCache.noindex/os-BY9T3M1UGI8J0CE1GOCZ432CW.pcm

SwiftExplicitDependencyGeneratePcm arm64 /Applications/Setapp/Project1/DerivedData/ModuleCache.noindex/CoreGraphics-JR0A11UPSUVXX9R460EXBOS.pcm

SwiftExplicitDependencyGeneratePcm arm64 /Applications/Setapp/Project1/DerivedData/ModuleCache.noindex/Security-3UU58KVQ1E1AY0MKDB207TXKI.pcm

SwiftExplicitDependencyGeneratePcm arm64 /Applications/Setapp/Project1/DerivedData/ModuleCache.noindex/CFNetwork-8N9NIT448OZK7EM8H3RN7N9GF.pcm

SwiftExplicitDependencyGeneratePcm arm64 /Applications/Setapp/Project1/DerivedData/ModuleCache.noindex/CoreAudioTypes-CQ0UGYIUBQB4GL2E6JWR292PJ.pcm

SwiftExplicitDependencyGeneratePcm arm64 /Applications/Setapp/Project1/DerivedData/ModuleCache.noindex/CoreAudio-89Q8SUVGW945N660DICP53UKQ.pcm

SwiftExplicitDependencyGeneratePcm arm64 /Applications/Setapp/Project1/DerivedData/ModuleCache.noindex/Foundation-7LPEXBJG01J88HPWJ2G76WX1J.pcm

SwiftExplicitDependencyGeneratePcm arm64 /Applications/Setapp/Project1/DerivedData/ModuleCache.noindex/CoreText-DJOFTPO5I1RCXZMU9U2YI3FWR.pcm

SwiftExplicitDependencyGeneratePcm arm64 /Applications/Setapp/Project1/DerivedData/ModuleCache.noindex/ImageIO-5L8YQM0KRF196BUP896O375V1.pcm

SwiftExplicitDependencyGeneratePcm arm64 /Applications/Setapp/Project1/DerivedData/ModuleCache.noindex/CoreTransferable-2TGEUKPEM7HO8LFJ7YOZWNCRF.pcm

SwiftExplicitDependencyGeneratePcm arm64 /Applications/Setapp/Project1/DerivedData/ModuleCache.noindex/UniformTypeIdentifiers-61B29AGEL3AW9TSI7EH61F0AM.pcm

SwiftExplicitDependencyGeneratePcm arm64 /Applications/Setapp/Project1/DerivedData/ModuleCache.noindex/IOSurface-DA0RGJ4V351ZQ0U6D6QSRW9PA.pcm

SwiftExplicitDependencyGeneratePcm arm64 /Applications/Setapp/Project1/DerivedData/ModuleCache.noindex/OSLog-4Q2FUIH187PLADVFL3ZZAIS8S.pcm

SwiftExplicitDependencyGeneratePcm arm64 /Applications/Setapp/Project1/DerivedData/ModuleCache.noindex/OpenGLES-B0TRAZM4VKAT6L0KY4K3XTI18.pcm

SwiftExplicitDependencyGeneratePcm arm64 /Applications/Setapp/Project1/DerivedData/ModuleCache.noindex/CoreMIDI-3SNBLAAOWOWH7OVS5H9P2H25J.pcm

SwiftExplicitDependencyGeneratePcm arm64 /Applications/Setapp/Project1/DerivedData/ModuleCache.noindex/UIUtilities-1OVDT6X3B6X4IHAW2L147JH5R.pcm

SwiftExplicitDependencyGeneratePcm arm64 /Applications/Setapp/Project1/DerivedData/ModuleCache.noindex/CoreData-DXKFI78JL81DD2FELS77ZO8J3.pcm

SwiftExplicitDependencyGeneratePcm arm64 /Applications/Setapp/Project1/DerivedData/ModuleCache.noindex/_LocationEssentials-Z2M8D1D3GI5UTL3W12FWYXY8.pcm

SwiftExplicitDependencyGeneratePcm arm64 /Applications/Setapp/Project1/DerivedData/ModuleCache.noindex/Network-4Q05GIEG0VKPHPGM3OHAE458K.pcm

SwiftExplicitDependencyGeneratePcm arm64 /Applications/Setapp/Project1/DerivedData/ModuleCache.noindex/Symbols-3A2KCRGQ42DBDA678LUKFEHNJ.pcm

SwiftExplicitDependencyGeneratePcm arm64 /Applications/Setapp/Project1/DerivedData/ModuleCache.noindex/UserNotifications-373ECT170ACMAL5LIJG8594IA.pcm

SwiftExplicitDependencyGeneratePcm arm64 /Applications/Setapp/Project1/DerivedData/ModuleCache.noindex/DataDetection-5PRQTGOC40QBL8FF2AYXGMF5K.pcm

SwiftExplicitDependencyGeneratePcm arm64 /Applications/Setapp/Project1/DerivedData/ModuleCache.noindex/Metal-B3X9SGOJHAXCZW7N8QF5AZ5N7.pcm

SwiftExplicitDependencyGeneratePcm arm64 /Applications/Setapp/Project1/DerivedData/ModuleCache.noindex/Accessibility-450W0OKLH54JLJECWQXK8JKH9.pcm

SwiftExplicitDependencyGeneratePcm arm64 /Applications/Setapp/Project1/DerivedData/ModuleCache.noindex/CoreLocation-2IUA1RKDLMQQRJHB1IDH2NM9N.pcm

SwiftExplicitDependencyGeneratePcm arm64 /Applications/Setapp/Project1/DerivedData/ModuleCache.noindex/FileProvider-4NS13JCNYSCY07L4I0UNOU8OU.pcm

SwiftExplicitDependencyGeneratePcm arm64 /Applications/Setapp/Project1/DerivedData/ModuleCache.noindex/AudioToolbox-2F7IVQCYGBTZUTEB2YZF455H2.pcm

SwiftExplicitDependencyGeneratePcm arm64 /Applications/Setapp/Project1/DerivedData/ModuleCache.noindex/AVRouting-B3E3DN6BGWUYLI0VH6P5DYI9.pcm

SwiftExplicitDependencyGeneratePcm arm64 /Applications/Setapp/Project1/DerivedData/ModuleCache.noindex/CoreVideo-PXYBQ80YNITB72LSMHEXGZTO.pcm

SwiftExplicitDependencyGeneratePcm arm64 /Applications/Setapp/Project1/DerivedData/ModuleCache.noindex/CoreImage-2PTH1GDU3B3I1H48JW6AE4M5A.pcm

SwiftExplicitDependencyGeneratePcm arm64 /Applications/Setapp/Project1/DerivedData/ModuleCache.noindex/CoreMedia-462ZXLG5RWY3AQ9DU75P827E2.pcm

SwiftExplicitDependencyGeneratePcm arm64 /Applications/Setapp/Project1/DerivedData/ModuleCache.noindex/QuartzCore-16YLZRRA885KTU3PDY52VUX45.pcm

SwiftExplicitDependencyGeneratePcm arm64 /Applications/Setapp/Project1/DerivedData/ModuleCache.noindex/SwiftUICore-8VSA66AGE4T56D7R2WTQCTJMJ.pcm

SwiftExplicitDependencyGeneratePcm arm64 /Applications/Setapp/Project1/DerivedData/ModuleCache.noindex/AVFAudio-CBOORY5IM2BGJ1INIA64UOJVH.pcm

SwiftExplicitDependencyGeneratePcm arm64 /Applications/Setapp/Project1/DerivedData/ModuleCache.noindex/MediaToolbox-4P9YXEMVKSXTAV2G93JUJG07G.pcm

SwiftExplicitDependencyGeneratePcm arm64 /Applications/Setapp/Project1/DerivedData/ModuleCache.noindex/UIKit-38SQ35PWEH6QBLCIK92ZYCK22.pcm

SwiftExplicitDependencyGeneratePcm arm64 /Applications/Setapp/Project1/DerivedData/ModuleCache.noindex/AVFoundation-7GP7CBP8VP16ZEG8RK647ICVA.pcm

SwiftExplicitDependencyGeneratePcm arm64 /Applications/Setapp/Project1/DerivedData/ModuleCache.noindex/Photos-5LHFEI88FSM5EIOA6U0O0HAYV.pcm

SwiftExplicitDependencyGeneratePcm arm64 /Applications/Setapp/Project1/DerivedData/ModuleCache.noindex/MapKit-DEPHI2KF2TW9HP406DT5JWCTA.pcm

SwiftExplicitDependencyGeneratePcm arm64 /Applications/Setapp/Project1/DerivedData/ModuleCache.noindex/PhotosUI-6W2H5Q960ITW17GLXJJKNGIS3.pcm

SwiftExplicitDependencyGeneratePcm arm64 /Applications/Setapp/Project1/DerivedData/ModuleCache.noindex/SwiftUI-49YIGUEU20ROM21JZEQZ4UESP.pcm

SwiftCompile normal arm64 Compiling\ ImageViewerViewController.swift /Applications/Setapp/Project1/Project1/ImageViewerViewController.swift (in target 'Project1' from project 'Project1')

SwiftCompile normal arm64 /Applications/Setapp/Project1/Project1/ImageViewerViewController.swift (in target 'Project1' from project 'Project1')
    cd /Applications/Setapp/Project1
    

SwiftCompile normal arm64 Compiling\ ViewController.swift /Applications/Setapp/Project1/Project1/ViewController.swift (in target 'Project1' from project 'Project1')
SwiftCompile normal arm64 /Applications/Setapp/Project1/Project1/ViewController.swift (in target 'Project1' from project 'Project1')
    cd /Applications/Setapp/Project1
    
/Applications/Setapp/Project1/Project1/ViewController.swift:68:13: warning: variable 'task' was never mutated; consider changing to 'let' constant
        var task = tasks[indexPath.row]
        ~~~ ^
        let

SwiftEmitModule normal arm64 Emitting\ module\ for\ Project1 (in target 'Project1' from project 'Project1')

EmitSwiftModule normal arm64 (in target 'Project1' from project 'Project1')
    cd /Applications/Setapp/Project1
    

SwiftCompile normal arm64 Compiling\ SceneDelegate.swift /Applications/Setapp/Project1/Project1/SceneDelegate.swift (in target 'Project1' from project 'Project1')
SwiftCompile normal arm64 /Applications/Setapp/Project1/Project1/SceneDelegate.swift (in target 'Project1' from project 'Project1')
    cd /Applications/Setapp/Project1
    

SwiftCompile normal arm64 Compiling\ GeneratedAssetSymbols.swift /Applications/Setapp/Project1/DerivedData/Build/Intermediates.noindex/Project1.build/Debug-iphonesimulator/Project1.build/DerivedSources/GeneratedAssetSymbols.swift (in target 'Project1' from project 'Project1')
SwiftCompile normal arm64 /Applications/Setapp/Project1/DerivedData/Build/Intermediates.noindex/Project1.build/Debug-iphonesimulator/Project1.build/DerivedSources/GeneratedAssetSymbols.swift (in target 'Project1' from project 'Project1')
    cd /Applications/Setapp/Project1
    

SwiftCompile normal arm64 Compiling\ TaskStore.swift /Applications/Setapp/Project1/Project1/TaskStore.swift (in target 'Project1' from project 'Project1')

SwiftCompile normal arm64 /Applications/Setapp/Project1/Project1/TaskStore.swift (in target 'Project1' from project 'Project1')
    cd /Applications/Setapp/Project1
    

SwiftCompile normal arm64 Compiling\ TaskDetailViewController.swift /Applications/Setapp/Project1/Project1/TaskDetailViewController.swift (in target 'Project1' from project 'Project1')
SwiftCompile normal arm64 /Applications/Setapp/Project1/Project1/TaskDetailViewController.swift (in target 'Project1' from project 'Project1')
    cd /Applications/Setapp/Project1
    
/Applications/Setapp/Project1/Project1/TaskDetailViewController.swift:173:40: warning: 'authorizationStatus()' was deprecated in iOS 14.0
        let status = CLLocationManager.authorizationStatus()
                                       ^
/Applications/Setapp/Project1/Project1/TaskDetailViewController.swift:422:88: warning: 'MKPinAnnotationView' was deprecated in iOS 16.0: renamed to 'MKMarkerAnnotationView'
        var pinView = mapView.dequeueReusableAnnotationView(withIdentifier: pinId) as? MKPinAnnotationView
                                                                                       ^
/Applications/Setapp/Project1/Project1/TaskDetailViewController.swift:422:88: note: use 'MKMarkerAnnotationView' instead
        var pinView = mapView.dequeueReusableAnnotationView(withIdentifier: pinId) as? MKPinAnnotationView
                                                                                       ^~~~~~~~~~~~~~~~~~~
                                                                                       MKMarkerAnnotationView
/Applications/Setapp/Project1/Project1/TaskDetailViewController.swift:424:23: warning: 'MKPinAnnotationView' was deprecated in iOS 16.0: renamed to 'MKMarkerAnnotationView'
            pinView = MKPinAnnotationView(annotation: annotation, reuseIdentifier: pinId)
                      ^
/Applications/Setapp/Project1/Project1/TaskDetailViewController.swift:424:23: note: use 'MKMarkerAnnotationView' instead
            pinView = MKPinAnnotationView(annotation: annotation, reuseIdentifier: pinId)
                      ^~~~~~~~~~~~~~~~~~~
                      MKMarkerAnnotationView

SwiftCompile normal arm64 Compiling\ Task.swift /Applications/Setapp/Project1/Project1/Task.swift (in target 'Project1' from project 'Project1')

SwiftCompile normal arm64 /Applications/Setapp/Project1/Project1/Task.swift (in target 'Project1' from project 'Project1')
    cd /Applications/Setapp/Project1
    

SwiftCompile normal arm64 Compiling\ AppDelegate.swift /Applications/Setapp/Project1/Project1/AppDelegate.swift (in target 'Project1' from project 'Project1')

SwiftCompile normal arm64 /Applications/Setapp/Project1/Project1/AppDelegate.swift (in target 'Project1' from project 'Project1')
    cd /Applications/Setapp/Project1
    

SwiftDriverJobDiscovery normal arm64 Emitting module for Project1 (in target 'Project1' from project 'Project1')

SwiftDriverJobDiscovery normal arm64 Compiling TaskStore.swift (in target 'Project1' from project 'Project1')

SwiftDriver\ Compilation\ Requirements Project1 normal arm64 com.apple.xcode.tools.swift.compiler (in target 'Project1' from project 'Project1')
    cd /Applications/Setapp/Project1
    builtin-Swift-Compilation-Requirements -- /Applications/Xcode.app/Contents/Developer/Toolchains/XcodeDefault.xctoolchain/usr/bin/swiftc -module-name Project1 -Onone @/Applications/Setapp/Project1/DerivedData/Build/Intermediates.noindex/Project1.build/Debug-iphonesimulator/Project1.build/Objects-normal/arm64/Project1.SwiftFileList -DDEBUG -default-isolation\=MainActor -enable-bare-slash-regex -enable-upcoming-feature DisableOutwardActorInference -enable-upcoming-feature InferSendableFromCaptures -enable-upcoming-feature GlobalActorIsolatedTypesUsability -enable-upcoming-feature MemberImportVisibility -enable-upcoming-feature InferIsolatedConformances -enable-upcoming-feature NonisolatedNonsendingByDefault -enable-experimental-feature DebugDescriptionMacro -sdk /Applications/Xcode.app/Contents/Developer/Platforms/iPhoneSimulator.platform/Developer/SDKs/iPhoneSimulator26.5.sdk -target arm64-apple-ios26.5-simulator -g -module-cache-path /Applications/Setapp/Project1/DerivedData/ModuleCache.noindex -Xfrontend -serialize-debugging-options -enable-testing -index-store-path /Applications/Setapp/Project1/DerivedData/Index.noindex/DataStore -Xcc -D_LIBCPP_HARDENING_MODE\=_LIBCPP_HARDENING_MODE_DEBUG -swift-version 5 -I /Applications/Setapp/Project1/DerivedData/Build/Products/Debug-iphonesimulator -F /Applications/Setapp/Project1/DerivedData/Build/Products/Debug-iphonesimulator -emit-localized-strings -emit-localized-strings-path /Applications/Setapp/Project1/DerivedData/Build/Intermediates.noindex/Project1.build/Debug-iphonesimulator/Project1.build/Objects-normal/arm64 -c -j8 -enable-batch-mode -incremental -Xcc -ivfsstatcache -Xcc /Applications/Setapp/Project1/DerivedData/SDKStatCaches.noindex/iphonesimulator26.5-23F81a-6cfe768891a92b912361537c460fe42b.sdkstatcache -output-file-map /Applications/Setapp/Project1/DerivedData/Build/Intermediates.noindex/Project1.build/Debug-iphonesimulator/Project1.build/Objects-normal/arm64/Project1-OutputFileMap.json -use-frontend-parseable-output -save-temps -no-color-diagnostics -explicit-module-build -module-cache-path /Applications/Setapp/Project1/DerivedData/Build/Intermediates.noindex/SwiftExplicitPrecompiledModules -clang-scanner-module-cache-path /Applications/Setapp/Project1/DerivedData/ModuleCache.noindex -sdk-module-cache-path /Applications/Setapp/Project1/DerivedData/ModuleCache.noindex -serialize-diagnostics -emit-dependencies -emit-module -emit-module-path /Applications/Setapp/Project1/DerivedData/Build/Intermediates.noindex/Project1.build/Debug-iphonesimulator/Project1.build/Objects-normal/arm64/Project1.swiftmodule -validate-clang-modules-once -clang-build-session-file /Applications/Setapp/Project1/DerivedData/ModuleCache.noindex/Session.modulevalidation -Xcc -I/Applications/Setapp/Project1/DerivedData/Build/Intermediates.noindex/Project1.build/Debug-iphonesimulator/Project1.build/swift-overrides.hmap -emit-const-values -Xfrontend -const-gather-protocols-file -Xfrontend /Applications/Setapp/Project1/DerivedData/Build/Intermediates.noindex/Project1.build/Debug-iphonesimulator/Project1.build/Objects-normal/arm64/Project1_const_extract_protocols.json -Xcc -iquote -Xcc /Applications/Setapp/Project1/DerivedData/Build/Intermediates.noindex/Project1.build/Debug-iphonesimulator/Project1.build/Project1-generated-files.hmap -Xcc -I/Applications/Setapp/Project1/DerivedData/Build/Intermediates.noindex/Project1.build/Debug-iphonesimulator/Project1.build/Project1-own-target-headers.hmap -Xcc -I/Applications/Setapp/Project1/DerivedData/Build/Intermediates.noindex/Project1.build/Debug-iphonesimulator/Project1.build/Project1-all-target-headers.hmap -Xcc -iquote -Xcc /Applications/Setapp/Project1/DerivedData/Build/Intermediates.noindex/Project1.build/Debug-iphonesimulator/Project1.build/Project1-project-headers.hmap -Xcc -I/Applications/Setapp/Project1/DerivedData/Build/Products/Debug-iphonesimulator/include -Xcc -I/Applications/Setapp/Project1/DerivedData/Build/Intermediates.noindex/Project1.build/Debug-iphonesimulator/Project1.build/DerivedSources-normal/arm64 -Xcc -I/Applications/Setapp/Project1/DerivedData/Build/Intermediates.noindex/Project1.build/Debug-iphonesimulator/Project1.build/DerivedSources/arm64 -Xcc -I/Applications/Setapp/Project1/DerivedData/Build/Intermediates.noindex/Project1.build/Debug-iphonesimulator/Project1.build/DerivedSources -Xcc -DDEBUG\=1 -emit-objc-header -emit-objc-header-path /Applications/Setapp/Project1/DerivedData/Build/Intermediates.noindex/Project1.build/Debug-iphonesimulator/Project1.build/Objects-normal/arm64/Project1-Swift.h -working-directory /Applications/Setapp/Project1 -experimental-emit-module-separately -disable-cmo

SwiftMergeGeneratedHeaders /Applications/Setapp/Project1/DerivedData/Build/Intermediates.noindex/Project1.build/Debug-iphonesimulator/Project1.build/DerivedSources/Project1-Swift.h /Applications/Setapp/Project1/DerivedData/Build/Intermediates.noindex/Project1.build/Debug-iphonesimulator/Project1.build/Objects-normal/arm64/Project1-Swift.h (in target 'Project1' from project 'Project1')
    cd /Applications/Setapp/Project1
    builtin-swiftHeaderTool -arch arm64 /Applications/Setapp/Project1/DerivedData/Build/Intermediates.noindex/Project1.build/Debug-iphonesimulator/Project1.build/Objects-normal/arm64/Project1-Swift.h -o /Applications/Setapp/Project1/DerivedData/Build/Intermediates.noindex/Project1.build/Debug-iphonesimulator/Project1.build/DerivedSources/Project1-Swift.h

Copy /Applications/Setapp/Project1/DerivedData/Build/Products/Debug-iphonesimulator/Project1.swiftmodule/arm64-apple-ios-simulator.swiftmodule /Applications/Setapp/Project1/DerivedData/Build/Intermediates.noindex/Project1.build/Debug-iphonesimulator/Project1.build/Objects-normal/arm64/Project1.swiftmodule (in target 'Project1' from project 'Project1')
    cd /Applications/Setapp/Project1
    builtin-copy -exclude .DS_Store -exclude CVS -exclude .svn -exclude .git -exclude .hg -resolve-src-symlinks -rename /Applications/Setapp/Project1/DerivedData/Build/Intermediates.noindex/Project1.build/Debug-iphonesimulator/Project1.build/Objects-normal/arm64/Project1.swiftmodule /Applications/Setapp/Project1/DerivedData/Build/Products/Debug-iphonesimulator/Project1.swiftmodule/arm64-apple-ios-simulator.swiftmodule

Copy /Applications/Setapp/Project1/DerivedData/Build/Products/Debug-iphonesimulator/Project1.swiftmodule/arm64-apple-ios-simulator.swiftdoc /Applications/Setapp/Project1/DerivedData/Build/Intermediates.noindex/Project1.build/Debug-iphonesimulator/Project1.build/Objects-normal/arm64/Project1.swiftdoc (in target 'Project1' from project 'Project1')
    cd /Applications/Setapp/Project1
    builtin-copy -exclude .DS_Store -exclude CVS -exclude .svn -exclude .git -exclude .hg -resolve-src-symlinks -rename /Applications/Setapp/Project1/DerivedData/Build/Intermediates.noindex/Project1.build/Debug-iphonesimulator/Project1.build/Objects-normal/arm64/Project1.swiftdoc /Applications/Setapp/Project1/DerivedData/Build/Products/Debug-iphonesimulator/Project1.swiftmodule/arm64-apple-ios-simulator.swiftdoc

Copy /Applications/Setapp/Project1/DerivedData/Build/Products/Debug-iphonesimulator/Project1.swiftmodule/arm64-apple-ios-simulator.abi.json /Applications/Setapp/Project1/DerivedData/Build/Intermediates.noindex/Project1.build/Debug-iphonesimulator/Project1.build/Objects-normal/arm64/Project1.abi.json (in target 'Project1' from project 'Project1')
    cd /Applications/Setapp/Project1
    builtin-copy -exclude .DS_Store -exclude CVS -exclude .svn -exclude .git -exclude .hg -resolve-src-symlinks -rename /Applications/Setapp/Project1/DerivedData/Build/Intermediates.noindex/Project1.build/Debug-iphonesimulator/Project1.build/Objects-normal/arm64/Project1.abi.json /Applications/Setapp/Project1/DerivedData/Build/Products/Debug-iphonesimulator/Project1.swiftmodule/arm64-apple-ios-simulator.abi.json

Copy /Applications/Setapp/Project1/DerivedData/Build/Products/Debug-iphonesimulator/Project1.swiftmodule/Project/arm64-apple-ios-simulator.swiftsourceinfo /Applications/Setapp/Project1/DerivedData/Build/Intermediates.noindex/Project1.build/Debug-iphonesimulator/Project1.build/Objects-normal/arm64/Project1.swiftsourceinfo (in target 'Project1' from project 'Project1')
    cd /Applications/Setapp/Project1
    builtin-copy -exclude .DS_Store -exclude CVS -exclude .svn -exclude .git -exclude .hg -resolve-src-symlinks -rename /Applications/Setapp/Project1/DerivedData/Build/Intermediates.noindex/Project1.build/Debug-iphonesimulator/Project1.build/Objects-normal/arm64/Project1.swiftsourceinfo /Applications/Setapp/Project1/DerivedData/Build/Products/Debug-iphonesimulator/Project1.swiftmodule/Project/arm64-apple-ios-simulator.swiftsourceinfo

SwiftDriverJobDiscovery normal arm64 Compiling AppDelegate.swift (in target 'Project1' from project 'Project1')

SwiftDriverJobDiscovery normal arm64 Compiling ImageViewerViewController.swift (in target 'Project1' from project 'Project1')

SwiftDriverJobDiscovery normal arm64 Compiling ViewController.swift (in target 'Project1' from project 'Project1')

SwiftDriverJobDiscovery normal arm64 Compiling SceneDelegate.swift (in target 'Project1' from project 'Project1')

SwiftDriverJobDiscovery normal arm64 Compiling Task.swift (in target 'Project1' from project 'Project1')

SwiftDriverJobDiscovery normal arm64 Compiling GeneratedAssetSymbols.swift (in target 'Project1' from project 'Project1')

SwiftDriverJobDiscovery normal arm64 Compiling TaskDetailViewController.swift (in target 'Project1' from project 'Project1')

SwiftDriver\ Compilation Project1 normal arm64 com.apple.xcode.tools.swift.compiler (in target 'Project1' from project 'Project1')
    cd /Applications/Setapp/Project1
    builtin-Swift-Compilation -- /Applications/Xcode.app/Contents/Developer/Toolchains/XcodeDefault.xctoolchain/usr/bin/swiftc -module-name Project1 -Onone @/Applications/Setapp/Project1/DerivedData/Build/Intermediates.noindex/Project1.build/Debug-iphonesimulator/Project1.build/Objects-normal/arm64/Project1.SwiftFileList -DDEBUG -default-isolation\=MainActor -enable-bare-slash-regex -enable-upcoming-feature DisableOutwardActorInference -enable-upcoming-feature InferSendableFromCaptures -enable-upcoming-feature GlobalActorIsolatedTypesUsability -enable-upcoming-feature MemberImportVisibility -enable-upcoming-feature InferIsolatedConformances -enable-upcoming-feature NonisolatedNonsendingByDefault -enable-experimental-feature DebugDescriptionMacro -sdk /Applications/Xcode.app/Contents/Developer/Platforms/iPhoneSimulator.platform/Developer/SDKs/iPhoneSimulator26.5.sdk -target arm64-apple-ios26.5-simulator -g -module-cache-path /Applications/Setapp/Project1/DerivedData/ModuleCache.noindex -Xfrontend -serialize-debugging-options -enable-testing -index-store-path /Applications/Setapp/Project1/DerivedData/Index.noindex/DataStore -Xcc -D_LIBCPP_HARDENING_MODE\=_LIBCPP_HARDENING_MODE_DEBUG -swift-version 5 -I /Applications/Setapp/Project1/DerivedData/Build/Products/Debug-iphonesimulator -F /Applications/Setapp/Project1/DerivedData/Build/Products/Debug-iphonesimulator -emit-localized-strings -emit-localized-strings-path /Applications/Setapp/Project1/DerivedData/Build/Intermediates.noindex/Project1.build/Debug-iphonesimulator/Project1.build/Objects-normal/arm64 -c -j8 -enable-batch-mode -incremental -Xcc -ivfsstatcache -Xcc /Applications/Setapp/Project1/DerivedData/SDKStatCaches.noindex/iphonesimulator26.5-23F81a-6cfe768891a92b912361537c460fe42b.sdkstatcache -output-file-map /Applications/Setapp/Project1/DerivedData/Build/Intermediates.noindex/Project1.build/Debug-iphonesimulator/Project1.build/Objects-normal/arm64/Project1-OutputFileMap.json -use-frontend-parseable-output -save-temps -no-color-diagnostics -explicit-module-build -module-cache-path /Applications/Setapp/Project1/DerivedData/Build/Intermediates.noindex/SwiftExplicitPrecompiledModules -clang-scanner-module-cache-path /Applications/Setapp/Project1/DerivedData/ModuleCache.noindex -sdk-module-cache-path /Applications/Setapp/Project1/DerivedData/ModuleCache.noindex -serialize-diagnostics -emit-dependencies -emit-module -emit-module-path /Applications/Setapp/Project1/DerivedData/Build/Intermediates.noindex/Project1.build/Debug-iphonesimulator/Project1.build/Objects-normal/arm64/Project1.swiftmodule -validate-clang-modules-once -clang-build-session-file /Applications/Setapp/Project1/DerivedData/ModuleCache.noindex/Session.modulevalidation -Xcc -I/Applications/Setapp/Project1/DerivedData/Build/Intermediates.noindex/Project1.build/Debug-iphonesimulator/Project1.build/swift-overrides.hmap -emit-const-values -Xfrontend -const-gather-protocols-file -Xfrontend /Applications/Setapp/Project1/DerivedData/Build/Intermediates.noindex/Project1.build/Debug-iphonesimulator/Project1.build/Objects-normal/arm64/Project1_const_extract_protocols.json -Xcc -iquote -Xcc /Applications/Setapp/Project1/DerivedData/Build/Intermediates.noindex/Project1.build/Debug-iphonesimulator/Project1.build/Project1-generated-files.hmap -Xcc -I/Applications/Setapp/Project1/DerivedData/Build/Intermediates.noindex/Project1.build/Debug-iphonesimulator/Project1.build/Project1-own-target-headers.hmap -Xcc -I/Applications/Setapp/Project1/DerivedData/Build/Intermediates.noindex/Project1.build/Debug-iphonesimulator/Project1.build/Project1-all-target-headers.hmap -Xcc -iquote -Xcc /Applications/Setapp/Project1/DerivedData/Build/Intermediates.noindex/Project1.build/Debug-iphonesimulator/Project1.build/Project1-project-headers.hmap -Xcc -I/Applications/Setapp/Project1/DerivedData/Build/Products/Debug-iphonesimulator/include -Xcc -I/Applications/Setapp/Project1/DerivedData/Build/Intermediates.noindex/Project1.build/Debug-iphonesimulator/Project1.build/DerivedSources-normal/arm64 -Xcc -I/Applications/Setapp/Project1/DerivedData/Build/Intermediates.noindex/Project1.build/Debug-iphonesimulator/Project1.build/DerivedSources/arm64 -Xcc -I/Applications/Setapp/Project1/DerivedData/Build/Intermediates.noindex/Project1.build/Debug-iphonesimulator/Project1.build/DerivedSources -Xcc -DDEBUG\=1 -emit-objc-header -emit-objc-header-path /Applications/Setapp/Project1/DerivedData/Build/Intermediates.noindex/Project1.build/Debug-iphonesimulator/Project1.build/Objects-normal/arm64/Project1-Swift.h -working-directory /Applications/Setapp/Project1 -experimental-emit-module-separately -disable-cmo

Ld /Applications/Setapp/Project1/DerivedData/Build/Products/Debug-iphonesimulator/Project1.app/Project1.debug.dylib normal (in target 'Project1' from project 'Project1')
    cd /Applications/Setapp/Project1
    /Applications/Xcode.app/Contents/Developer/Toolchains/XcodeDefault.xctoolchain/usr/bin/clang -Xlinker -reproducible -target arm64-apple-ios26.5-simulator -dynamiclib -isysroot /Applications/Xcode.app/Contents/Developer/Platforms/iPhoneSimulator.platform/Developer/SDKs/iPhoneSimulator26.5.sdk -O0 -L/Applications/Setapp/Project1/DerivedData/Build/Intermediates.noindex/EagerLinkingTBDs/Debug-iphonesimulator -L/Applications/Setapp/Project1/DerivedData/Build/Products/Debug-iphonesimulator -F/Applications/Setapp/Project1/DerivedData/Build/Intermediates.noindex/EagerLinkingTBDs/Debug-iphonesimulator -F/Applications/Setapp/Project1/DerivedData/Build/Products/Debug-iphonesimulator -filelist /Applications/Setapp/Project1/DerivedData/Build/Intermediates.noindex/Project1.build/Debug-iphonesimulator/Project1.build/Objects-normal/arm64/Project1.LinkFileList -install_name @rpath/Project1.debug.dylib -Xlinker -rpath -Xlinker @executable_path/Frameworks -Xlinker -dead_strip -Xlinker -object_path_lto -Xlinker /Applications/Setapp/Project1/DerivedData/Build/Intermediates.noindex/Project1.build/Debug-iphonesimulator/Project1.build/Objects-normal/arm64/Project1_lto.o -rdynamic -Xlinker -no_deduplicate -Xlinker -objc_abi_version -Xlinker 2 -Xlinker -dependency_info -Xlinker /Applications/Setapp/Project1/DerivedData/Build/Intermediates.noindex/Project1.build/Debug-iphonesimulator/Project1.build/Objects-normal/arm64/Project1_dependency_info.dat -fobjc-link-runtime -L/Applications/Xcode.app/Contents/Developer/Toolchains/XcodeDefault.xctoolchain/usr/lib/swift/iphonesimulator -L/usr/lib/swift -Xlinker -add_ast_path -Xlinker /Applications/Setapp/Project1/DerivedData/Build/Intermediates.noindex/Project1.build/Debug-iphonesimulator/Project1.build/Objects-normal/arm64/Project1.swiftmodule @/Applications/Setapp/Project1/DerivedData/Build/Intermediates.noindex/Project1.build/Debug-iphonesimulator/Project1.build/Objects-normal/arm64/Project1-linker-args.resp -Xlinker -alias -Xlinker _main -Xlinker ___debug_main_executable_dylib_entry_point -o /Applications/Setapp/Project1/DerivedData/Build/Products/Debug-iphonesimulator/Project1.app/Project1.debug.dylib

ConstructStubExecutorLinkFileList /Applications/Setapp/Project1/DerivedData/Build/Intermediates.noindex/Project1.build/Debug-iphonesimulator/Project1.build/Project1-ExecutorLinkFileList-normal-arm64.txt (in target 'Project1' from project 'Project1')
    cd /Applications/Setapp/Project1
    construct-stub-executor-link-file-list /Applications/Setapp/Project1/DerivedData/Build/Products/Debug-iphonesimulator/Project1.app/Project1.debug.dylib /Applications/Xcode.app/Contents/Developer/Platforms/iPhoneSimulator.platform/Developer/usr/lib/libPreviewsJITStubExecutor_no_swift_entry_point.a /Applications/Xcode.app/Contents/Developer/Platforms/iPhoneSimulator.platform/Developer/usr/lib/libPreviewsJITStubExecutor.a --output /Applications/Setapp/Project1/DerivedData/Build/Intermediates.noindex/Project1.build/Debug-iphonesimulator/Project1.build/Project1-ExecutorLinkFileList-normal-arm64.txt
note: Using stub executor library with Swift entry point. (in target 'Project1' from project 'Project1')

Ld /Applications/Setapp/Project1/DerivedData/Build/Products/Debug-iphonesimulator/Project1.app/Project1 normal (in target 'Project1' from project 'Project1')
    cd /Applications/Setapp/Project1
    /Applications/Xcode.app/Contents/Developer/Toolchains/XcodeDefault.xctoolchain/usr/bin/clang -Xlinker -reproducible -target arm64-apple-ios26.5-simulator -isysroot /Applications/Xcode.app/Contents/Developer/Platforms/iPhoneSimulator.platform/Developer/SDKs/iPhoneSimulator26.5.sdk -O0 -L/Applications/Setapp/Project1/DerivedData/Build/Products/Debug-iphonesimulator -F/Applications/Setapp/Project1/DerivedData/Build/Products/Debug-iphonesimulator -Xlinker -rpath -Xlinker @executable_path -Xlinker -rpath -Xlinker @executable_path/Frameworks -rdynamic -Xlinker -no_deduplicate -Xlinker -objc_abi_version -Xlinker 2 -e ___debug_blank_executor_main -Xlinker -sectcreate -Xlinker __TEXT -Xlinker __debug_dylib -Xlinker /Applications/Setapp/Project1/DerivedData/Build/Intermediates.noindex/Project1.build/Debug-iphonesimulator/Project1.build/Project1-DebugDylibPath-normal-arm64.txt -Xlinker -sectcreate -Xlinker __TEXT -Xlinker __debug_instlnm -Xlinker /Applications/Setapp/Project1/DerivedData/Build/Intermediates.noindex/Project1.build/Debug-iphonesimulator/Project1.build/Project1-DebugDylibInstallName-normal-arm64.txt -Xlinker -filelist -Xlinker /Applications/Setapp/Project1/DerivedData/Build/Intermediates.noindex/Project1.build/Debug-iphonesimulator/Project1.build/Project1-ExecutorLinkFileList-normal-arm64.txt /Applications/Setapp/Project1/DerivedData/Build/Products/Debug-iphonesimulator/Project1.app/Project1.debug.dylib -o /Applications/Setapp/Project1/DerivedData/Build/Products/Debug-iphonesimulator/Project1.app/Project1

CopySwiftLibs /Applications/Setapp/Project1/DerivedData/Build/Products/Debug-iphonesimulator/Project1.app (in target 'Project1' from project 'Project1')
    cd /Applications/Setapp/Project1
    builtin-swiftStdLibTool --copy --verbose --scan-executable /Applications/Setapp/Project1/DerivedData/Build/Products/Debug-iphonesimulator/Project1.app/Project1.debug.dylib --scan-folder /Applications/Setapp/Project1/DerivedData/Build/Products/Debug-iphonesimulator/Project1.app/Frameworks --scan-folder /Applications/Setapp/Project1/DerivedData/Build/Products/Debug-iphonesimulator/Project1.app/PlugIns --scan-folder /Applications/Setapp/Project1/DerivedData/Build/Products/Debug-iphonesimulator/Project1.app/SystemExtensions --scan-folder /Applications/Setapp/Project1/DerivedData/Build/Products/Debug-iphonesimulator/Project1.app/Extensions --platform iphonesimulator --toolchain /Applications/Xcode.app/Contents/Developer/Toolchains/XcodeDefault.xctoolchain --destination /Applications/Setapp/Project1/DerivedData/Build/Products/Debug-iphonesimulator/Project1.app/Frameworks --strip-bitcode --strip-bitcode-tool /Applications/Xcode.app/Contents/Developer/Toolchains/XcodeDefault.xctoolchain/usr/bin/bitcode_strip --emit-dependency-info /Applications/Setapp/Project1/DerivedData/Build/Intermediates.noindex/Project1.build/Debug-iphonesimulator/Project1.build/SwiftStdLibToolInputDependencies.dep --filter-for-swift-os
Ignoring --strip-bitcode because --sign was not passed

ExtractAppIntentsMetadata (in target 'Project1' from project 'Project1')
    cd /Applications/Setapp/Project1
    /Applications/Xcode.app/Contents/Developer/Toolchains/XcodeDefault.xctoolchain/usr/bin/appintentsmetadataprocessor --toolchain-dir /Applications/Xcode.app/Contents/Developer/Toolchains/XcodeDefault.xctoolchain --module-name Project1 --sdk-root /Applications/Xcode.app/Contents/Developer/Platforms/iPhoneSimulator.platform/Developer/SDKs/iPhoneSimulator26.5.sdk --xcode-version 17F113 --platform-family iOS --deployment-target 26.5 --bundle-identifier rbarl003.Project1 --output /Applications/Setapp/Project1/DerivedData/Build/Products/Debug-iphonesimulator/Project1.app --target-triple arm64-apple-ios26.5-simulator --binary-file /Applications/Setapp/Project1/DerivedData/Build/Products/Debug-iphonesimulator/Project1.app/Project1 --dependency-file /Applications/Setapp/Project1/DerivedData/Build/Intermediates.noindex/Project1.build/Debug-iphonesimulator/Project1.build/Objects-normal/arm64/Project1_dependency_info.dat --stringsdata-file /Applications/Setapp/Project1/DerivedData/Build/Intermediates.noindex/Project1.build/Debug-iphonesimulator/Project1.build/Objects-normal/arm64/ExtractedAppShortcutsMetadata.stringsdata --source-file-list /Applications/Setapp/Project1/DerivedData/Build/Intermediates.noindex/Project1.build/Debug-iphonesimulator/Project1.build/Objects-normal/arm64/Project1.SwiftFileList --metadata-file-list /Applications/Setapp/Project1/DerivedData/Build/Intermediates.noindex/Project1.build/Debug-iphonesimulator/Project1.build/Project1.DependencyMetadataFileList --static-metadata-file-list /Applications/Setapp/Project1/DerivedData/Build/Intermediates.noindex/Project1.build/Debug-iphonesimulator/Project1.build/Project1.DependencyStaticMetadataFileList --swift-const-vals-list /Applications/Setapp/Project1/DerivedData/Build/Intermediates.noindex/Project1.build/Debug-iphonesimulator/Project1.build/Objects-normal/arm64/Project1.SwiftConstValuesFileList --compile-time-extraction --deployment-aware-processing --validate-assistant-intents --no-app-shortcuts-localization
2026-09-13 18:34:49.349 appintentsmetadataprocessor[19397:6343573] Starting appintentsmetadataprocessor export
2026-09-13 18:34:49.356 appintentsmetadataprocessor[19397:6343573] warning: Metadata extraction skipped. No AppIntents.framework dependency found.

AppIntentsSSUTraining (in target 'Project1' from project 'Project1')
    cd /Applications/Setapp/Project1
    /Applications/Xcode.app/Contents/Developer/Toolchains/XcodeDefault.xctoolchain/usr/bin/appintentsnltrainingprocessor --infoplist-path /Applications/Setapp/Project1/DerivedData/Build/Products/Debug-iphonesimulator/Project1.app/Info.plist --temp-dir-path /Applications/Setapp/Project1/DerivedData/Build/Intermediates.noindex/Project1.build/Debug-iphonesimulator/Project1.build/ssu --bundle-id rbarl003.Project1 --product-path /Applications/Setapp/Project1/DerivedData/Build/Products/Debug-iphonesimulator/Project1.app --extracted-metadata-path /Applications/Setapp/Project1/DerivedData/Build/Products/Debug-iphonesimulator/Project1.app/Metadata.appintents --metadata-file-list /Applications/Setapp/Project1/DerivedData/Build/Intermediates.noindex/Project1.build/Debug-iphonesimulator/Project1.build/Project1.DependencyMetadataFileList --source-file /Applications/Setapp/Project1/DerivedData/Build/Products/Debug-iphonesimulator/Project1.app/Info.plist --archive-ssu-assets
2026-09-13 18:34:49.401 appintentsnltrainingprocessor[19398:6343578] Parsing options for appintentsnltrainingprocessor
2026-09-13 18:34:49.402 appintentsnltrainingprocessor[19398:6343578] Starting AppIntents SSU YAML Generation
2026-09-13 18:34:49.406 appintentsnltrainingprocessor[19398:6343578] No AppShortcuts found - Skipping.

RegisterExecutionPolicyException /Applications/Setapp/Project1/DerivedData/Build/Products/Debug-iphonesimulator/Project1.app (in target 'Project1' from project 'Project1')
    cd /Applications/Setapp/Project1
    builtin-RegisterExecutionPolicyException /Applications/Setapp/Project1/DerivedData/Build/Products/Debug-iphonesimulator/Project1.app

Validate /Applications/Setapp/Project1/DerivedData/Build/Products/Debug-iphonesimulator/Project1.app (in target 'Project1' from project 'Project1')
    cd /Applications/Setapp/Project1
    builtin-validationUtility /Applications/Setapp/Project1/DerivedData/Build/Products/Debug-iphonesimulator/Project1.app -shallow-bundle -infoplist-subpath Info.plist

Touch /Applications/Setapp/Project1/DerivedData/Build/Products/Debug-iphonesimulator/Project1.app (in target 'Project1' from project 'Project1')
    cd /Applications/Setapp/Project1
    /usr/bin/touch -c /Applications/Setapp/Project1/DerivedData/Build/Products/Debug-iphonesimulator/Project1.app

** BUILD SUCCEEDED **

